../Core/Src/main.c:201:14:DWT_Init_Custom	1
../Core/Src/main.c:210:18:micros_custom	1
../Core/Src/main.c:215:14:delay_us_custom	2
../Core/Src/main.c:226:14:UART_Print	1
../Core/Src/main.c:231:17:AS5600_ReadRaw	2
../Core/Src/main.c:256:17:abs_i32	1
../Core/Src/main.c:261:14:format_x100	2
../Core/Src/main.c:277:14:Axis_SetDir	4
../Core/Src/main.c:307:14:Axis_Enable	1
../Core/Src/main.c:313:14:Axis_Disable	1
../Core/Src/main.c:318:14:Axis_Init	2
../Core/Src/main.c:343:14:Axis_UpdateEncoder	4
../Core/Src/main.c:369:14:Axis_StepIfDue	2
../Core/Src/main.c:383:17:Limit_IsActive	1
../Core/Src/main.c:392:14:Check_Limits_And_Reverse	13
../Core/Src/main.c:431:14:Print_Axis_Status	5
../Core/Src/main.c:494:14:Print_All_Status	1
../Core/Src/main.c:521:5:main	2
../Core/Src/main.c:598:6:SystemClock_Config	3
../Core/Src/main.c:646:13:MX_I2C1_Init	2
../Core/Src/main.c:680:13:MX_I2C2_Init	2
../Core/Src/main.c:714:13:MX_I2C3_Init	2
../Core/Src/main.c:748:13:MX_USART2_UART_Init	2
../Core/Src/main.c:781:13:MX_GPIO_Init	1
../Core/Src/main.c:864:6:Error_Handler	1
