../Core/Src/main.c:201:14:DWT_Init_Custom	8	static
../Core/Src/main.c:210:18:micros_custom	4	static
../Core/Src/main.c:215:14:delay_us_custom	24	static
../Core/Src/main.c:226:14:UART_Print	16	static
../Core/Src/main.c:231:17:AS5600_ReadRaw	40	static
../Core/Src/main.c:256:17:abs_i32	16	static
../Core/Src/main.c:261:14:format_x100	48	static
../Core/Src/main.c:277:14:Axis_SetDir	24	static
../Core/Src/main.c:307:14:Axis_Enable	16	static
../Core/Src/main.c:313:14:Axis_Disable	16	static
../Core/Src/main.c:318:14:Axis_Init	24	static
../Core/Src/main.c:343:14:Axis_UpdateEncoder	24	static
../Core/Src/main.c:369:14:Axis_StepIfDue	16	static
../Core/Src/main.c:383:17:Limit_IsActive	16	static
../Core/Src/main.c:392:14:Check_Limits_And_Reverse	16	static
../Core/Src/main.c:431:14:Print_Axis_Status	448	static
../Core/Src/main.c:494:14:Print_All_Status	216	static
../Core/Src/main.c:521:5:main	16	static
../Core/Src/main.c:598:6:SystemClock_Config	88	static
../Core/Src/main.c:646:13:MX_I2C1_Init	8	static
../Core/Src/main.c:680:13:MX_I2C2_Init	8	static
../Core/Src/main.c:714:13:MX_I2C3_Init	8	static
../Core/Src/main.c:748:13:MX_USART2_UART_Init	8	static
../Core/Src/main.c:781:13:MX_GPIO_Init	48	static
../Core/Src/main.c:864:6:Error_Handler	4	static,ignoring_inline_asm
